tuples[0] = (a, 1)
tuples[1] = (b, 2)
tuples[2] = (c, 3)
