results[0] = AAAAA
results[1] = ZZZZZ
results[2] = Hhvmf
results[3] = IocVG
results[4] = aaaaa
results[5] = zzzzz
results[6] = zzzzz
results[7] = jBtPZ
results[8] = NLOjp
results[9] = zzzzz
results[10] = mMvTp
